// Jest Snapshot v1, https://goo.gl/fbAQLP

exports[`config core should fill config 1`] = `
Object {
  "a": "555",
  "b": "222",
  "c": Object {
    "d": "666",
    "e": "444",
  },
}
`;

exports[`config core should fill config env 1`] = `
Object {
  "a": "555",
  "b": "222",
  "c": Object {
    "d": "666",
    "e": "444",
  },
}
`;

exports[`config core should merge config 1`] = `
Object {
  "a": "666",
  "b": "222",
  "c": Object {
    "d": "333",
    "e": "777",
    "i": "888",
  },
  "f": Object {
    "g": "555",
  },
  "j": Object {
    "k": "999",
  },
  "l": "000",
}
`;
